// Jest Snapshot v1, https://goo.gl/fbAQLP

exports[`Enables adding new entry to the report Fit Layout 1`] = `null`;
