// Jest Snapshot v1, https://goo.gl/fbAQLP

exports[`PrintModal Layout PrintModal Snap 1`] = `null`;
