// Jest Snapshot v1, https://goo.gl/fbAQLP

exports[`Get data the API and display it Display SupportPage component 1`] = `
<section
  className="ant-layout"
>
  <header
    className="ant-layout-header-simple ant-layout-header"
  >
    <div
      className="ant-row"
      style={Object {}}
    >
      <div
        className="ant-col ant-col-offset-9"
        style={Object {}}
      >
        <h3
          aria-label={null}
          className="ant-typography"
          style={
            Object {
              "WebkitLineClamp": null,
            }
          }
        >
          Support Page for Report 
          /
        </h3>
      </div>
    </div>
  </header>
  <main
    className="ant-layout-content"
  >
    <div
      className="ant-row-flex"
      style={
        Object {
          "marginBottom": -8,
          "marginTop": -8,
        }
      }
    >
      <div
        className="ant-col ant-col-22"
        style={
          Object {
            "paddingBottom": 8,
            "paddingTop": 8,
          }
        }
      >
        <button
          className="ant-btn"
          disabled={false}
          onClick={[Function]}
          type="button"
        >
          <span>
            Refresh
          </span>
        </button>
      </div>
      <div
        className="ant-col ant-col-2"
        style={
          Object {
            "paddingBottom": 8,
            "paddingTop": 8,
          }
        }
      >
        <button
          className="ant-btn"
          onClick={[Function]}
          style={
            Object {
              "float": "right",
            }
          }
          type="button"
        >
          <span>
            Expand All
          </span>
        </button>
      </div>
    </div>
    <div
      className="ant-row"
      style={
        Object {
          "marginBottom": -8,
          "marginTop": -8,
        }
      }
    >
      <div
        className="ant-col"
        style={
          Object {
            "paddingBottom": 8,
            "paddingTop": 8,
          }
        }
      >
        <div
          className="ant-collapse ant-collapse-icon-position-left"
          role={null}
        >
          <div
            className="ant-collapse-item"
          >
            <div
              aria-expanded="false"
              className="ant-collapse-header"
              onClick={[Function]}
              onKeyPress={[Function]}
              role="button"
              tabIndex={0}
            >
              <i
                aria-label="icon: right"
                className="anticon anticon-right ant-collapse-arrow"
              >
                <svg
                  aria-hidden="true"
                  className=""
                  data-icon="right"
                  fill="currentColor"
                  focusable="false"
                  height="1em"
                  viewBox="64 64 896 896"
                  width="1em"
                >
                  <path
                    d="M765.7 486.8L314.9 134.7A7.97 7.97 0 0 0 302 141v77.3c0 4.9 2.3 9.6 6.1 12.6l360 281.1-360 281.1c-3.9 3-6.1 7.7-6.1 12.6V883c0 6.7 7.7 10.4 12.9 6.3l450.8-352.1a31.96 31.96 0 0 0 0-50.4z"
                  />
                </svg>
              </i>
              me (/me)
              <div
                className="ant-collapse-extra"
              >
                <i
                  aria-label="icon: check-circle"
                  className="anticon anticon-check-circle"
                  style={
                    Object {
                      "color": "rgb(255, 0, 0)",
                    }
                  }
                >
                  <svg
                    aria-hidden="true"
                    className=""
                    data-icon="check-circle"
                    fill="currentColor"
                    focusable="false"
                    height="1em"
                    viewBox="64 64 896 896"
                    width="1em"
                  >
                    <path
                      d="M699 353h-46.9c-10.2 0-19.9 4.9-25.9 13.3L469 584.3l-71.2-98.8c-6-8.3-15.6-13.3-25.9-13.3H325c-6.5 0-10.3 7.4-6.5 12.7l124.6 172.8a31.8 31.8 0 0 0 51.7 0l210.6-292c3.9-5.3.1-12.7-6.4-12.7z"
                    />
                    <path
                      d="M512 64C264.6 64 64 264.6 64 512s200.6 448 448 448 448-200.6 448-448S759.4 64 512 64zm0 820c-205.4 0-372-166.6-372-372s166.6-372 372-372 372 166.6 372 372-166.6 372-372 372z"
                    />
                  </svg>
                </i>
              </div>
            </div>
          </div>
          <div
            className="ant-collapse-item"
          >
            <div
              aria-expanded="false"
              className="ant-collapse-header"
              onClick={[Function]}
              onKeyPress={[Function]}
              role="button"
              tabIndex={0}
            >
              <i
                aria-label="icon: right"
                className="anticon anticon-right ant-collapse-arrow"
              >
                <svg
                  aria-hidden="true"
                  className=""
                  data-icon="right"
                  fill="currentColor"
                  focusable="false"
                  height="1em"
                  viewBox="64 64 896 896"
                  width="1em"
                >
                  <path
                    d="M765.7 486.8L314.9 134.7A7.97 7.97 0 0 0 302 141v77.3c0 4.9 2.3 9.6 6.1 12.6l360 281.1-360 281.1c-3.9 3-6.1 7.7-6.1 12.6V883c0 6.7 7.7 10.4 12.9 6.3l450.8-352.1a31.96 31.96 0 0 0 0-50.4z"
                  />
                </svg>
              </i>
              Days Off (/daysoff)
              <div
                className="ant-collapse-extra"
              >
                <i
                  aria-label="icon: check-circle"
                  className="anticon anticon-check-circle"
                  style={
                    Object {
                      "color": "rgb(255, 0, 0)",
                    }
                  }
                >
                  <svg
                    aria-hidden="true"
                    className=""
                    data-icon="check-circle"
                    fill="currentColor"
                    focusable="false"
                    height="1em"
                    viewBox="64 64 896 896"
                    width="1em"
                  >
                    <path
                      d="M699 353h-46.9c-10.2 0-19.9 4.9-25.9 13.3L469 584.3l-71.2-98.8c-6-8.3-15.6-13.3-25.9-13.3H325c-6.5 0-10.3 7.4-6.5 12.7l124.6 172.8a31.8 31.8 0 0 0 51.7 0l210.6-292c3.9-5.3.1-12.7-6.4-12.7z"
                    />
                    <path
                      d="M512 64C264.6 64 64 264.6 64 512s200.6 448 448 448 448-200.6 448-448S759.4 64 512 64zm0 820c-205.4 0-372-166.6-372-372s166.6-372 372-372 372 166.6 372 372-166.6 372-372 372z"
                    />
                  </svg>
                </i>
              </div>
            </div>
          </div>
          <div
            className="ant-collapse-item"
          >
            <div
              aria-expanded="false"
              className="ant-collapse-header"
              onClick={[Function]}
              onKeyPress={[Function]}
              role="button"
              tabIndex={0}
            >
              <i
                aria-label="icon: right"
                className="anticon anticon-right ant-collapse-arrow"
              >
                <svg
                  aria-hidden="true"
                  className=""
                  data-icon="right"
                  fill="currentColor"
                  focusable="false"
                  height="1em"
                  viewBox="64 64 896 896"
                  width="1em"
                >
                  <path
                    d="M765.7 486.8L314.9 134.7A7.97 7.97 0 0 0 302 141v77.3c0 4.9 2.3 9.6 6.1 12.6l360 281.1-360 281.1c-3.9 3-6.1 7.7-6.1 12.6V883c0 6.7 7.7 10.4 12.9 6.3l450.8-352.1a31.96 31.96 0 0 0 0-50.4z"
                  />
                </svg>
              </i>
              Manual Updates (/me/reports/manual_updates)
              <div
                className="ant-collapse-extra"
              >
                <i
                  aria-label="icon: check-circle"
                  className="anticon anticon-check-circle"
                  style={
                    Object {
                      "color": "rgb(255, 0, 0)",
                    }
                  }
                >
                  <svg
                    aria-hidden="true"
                    className=""
                    data-icon="check-circle"
                    fill="currentColor"
                    focusable="false"
                    height="1em"
                    viewBox="64 64 896 896"
                    width="1em"
                  >
                    <path
                      d="M699 353h-46.9c-10.2 0-19.9 4.9-25.9 13.3L469 584.3l-71.2-98.8c-6-8.3-15.6-13.3-25.9-13.3H325c-6.5 0-10.3 7.4-6.5 12.7l124.6 172.8a31.8 31.8 0 0 0 51.7 0l210.6-292c3.9-5.3.1-12.7-6.4-12.7z"
                    />
                    <path
                      d="M512 64C264.6 64 64 264.6 64 512s200.6 448 448 448 448-200.6 448-448S759.4 64 512 64zm0 820c-205.4 0-372-166.6-372-372s166.6-372 372-372 372 166.6 372 372-166.6 372-372 372z"
                    />
                  </svg>
                </i>
              </div>
            </div>
          </div>
          <div
            className="ant-collapse-item"
          >
            <div
              aria-expanded="false"
              className="ant-collapse-header"
              onClick={[Function]}
              onKeyPress={[Function]}
              role="button"
              tabIndex={0}
            >
              <i
                aria-label="icon: right"
                className="anticon anticon-right ant-collapse-arrow"
              >
                <svg
                  aria-hidden="true"
                  className=""
                  data-icon="right"
                  fill="currentColor"
                  focusable="false"
                  height="1em"
                  viewBox="64 64 896 896"
                  width="1em"
                >
                  <path
                    d="M765.7 486.8L314.9 134.7A7.97 7.97 0 0 0 302 141v77.3c0 4.9 2.3 9.6 6.1 12.6l360 281.1-360 281.1c-3.9 3-6.1 7.7-6.1 12.6V883c0 6.7 7.7 10.4 12.9 6.3l450.8-352.1a31.96 31.96 0 0 0 0-50.4z"
                  />
                </svg>
              </i>
              Report Data (/me/reports/undefined/undefined)
              <div
                className="ant-collapse-extra"
              >
                <i
                  aria-label="icon: check-circle"
                  className="anticon anticon-check-circle"
                  style={
                    Object {
                      "color": "rgb(255, 0, 0)",
                    }
                  }
                >
                  <svg
                    aria-hidden="true"
                    className=""
                    data-icon="check-circle"
                    fill="currentColor"
                    focusable="false"
                    height="1em"
                    viewBox="64 64 896 896"
                    width="1em"
                  >
                    <path
                      d="M699 353h-46.9c-10.2 0-19.9 4.9-25.9 13.3L469 584.3l-71.2-98.8c-6-8.3-15.6-13.3-25.9-13.3H325c-6.5 0-10.3 7.4-6.5 12.7l124.6 172.8a31.8 31.8 0 0 0 51.7 0l210.6-292c3.9-5.3.1-12.7-6.4-12.7z"
                    />
                    <path
                      d="M512 64C264.6 64 64 264.6 64 512s200.6 448 448 448 448-200.6 448-448S759.4 64 512 64zm0 820c-205.4 0-372-166.6-372-372s166.6-372 372-372 372 166.6 372 372-166.6 372-372 372z"
                    />
                  </svg>
                </i>
              </div>
            </div>
          </div>
          <div
            className="ant-collapse-item"
          >
            <div
              aria-expanded="false"
              className="ant-collapse-header"
              onClick={[Function]}
              onKeyPress={[Function]}
              role="button"
              tabIndex={0}
            >
              <i
                aria-label="icon: right"
                className="anticon anticon-right ant-collapse-arrow"
              >
                <svg
                  aria-hidden="true"
                  className=""
                  data-icon="right"
                  fill="currentColor"
                  focusable="false"
                  height="1em"
                  viewBox="64 64 896 896"
                  width="1em"
                >
                  <path
                    d="M765.7 486.8L314.9 134.7A7.97 7.97 0 0 0 302 141v77.3c0 4.9 2.3 9.6 6.1 12.6l360 281.1-360 281.1c-3.9 3-6.1 7.7-6.1 12.6V883c0 6.7 7.7 10.4 12.9 6.3l450.8-352.1a31.96 31.96 0 0 0 0-50.4z"
                  />
                </svg>
              </i>
              Report Codes (/me/report_codes?id=308680768&employerCode=1&year=undefined&month=undefined)
              <div
                className="ant-collapse-extra"
              >
                <i
                  aria-label="icon: check-circle"
                  className="anticon anticon-check-circle"
                  style={
                    Object {
                      "color": "rgb(255, 0, 0)",
                    }
                  }
                >
                  <svg
                    aria-hidden="true"
                    className=""
                    data-icon="check-circle"
                    fill="currentColor"
                    focusable="false"
                    height="1em"
                    viewBox="64 64 896 896"
                    width="1em"
                  >
                    <path
                      d="M699 353h-46.9c-10.2 0-19.9 4.9-25.9 13.3L469 584.3l-71.2-98.8c-6-8.3-15.6-13.3-25.9-13.3H325c-6.5 0-10.3 7.4-6.5 12.7l124.6 172.8a31.8 31.8 0 0 0 51.7 0l210.6-292c3.9-5.3.1-12.7-6.4-12.7z"
                    />
                    <path
                      d="M512 64C264.6 64 64 264.6 64 512s200.6 448 448 448 448-200.6 448-448S759.4 64 512 64zm0 820c-205.4 0-372-166.6-372-372s166.6-372 372-372 372 166.6 372 372-166.6 372-372 372z"
                    />
                  </svg>
                </i>
              </div>
            </div>
          </div>
        </div>
      </div>
    </div>
  </main>
  <footer
    className="ant-layout-footer"
  >
    <div
      className="ant-row"
      style={Object {}}
    >
      <div
        className="ant-col ant-col-offset-10"
        style={Object {}}
      >
        <button
          className="ant-btn ant-btn-primary"
          onClick={[Function]}
          type="button"
        >
          <span>
            Send to Support Pesonnel
          </span>
        </button>
      </div>
    </div>
  </footer>
</section>
`;
